0 POEVVPOBCWYEJNXH
1 DUBULUTVEONCKZIZ
2 VZAXPQFOXYCZTCYX
3 HBFREEVASIRERGOC
4 HBFREEVASIRERGOC
5 VZAXPQFOXYCZTCYX
6 POEVVPOBCWYEJNXH
7 HBFREEVASIRERGOC
8 HBFREEVASIRERGOC
9 VZAXPQFOXYCZTCYX
10 DUBULUTVEONCKZIZ
11 POEVVPOBCWYEJNXH
12 HBFREEVASIRERGOC
13 DUBULUTVEONCKZIZ
14 DUBULUTVEONCKZIZ
15 DUBULUTVEONCKZIZ
16 POEVVPOBCWYEJNXH
17 POEVVPOBCWYEJNXH
18 DUBULUTVEONCKZIZ
19 POEVVPOBCWYEJNXH
20 POEVVPOBCWYEJNXH
21 VZAXPQFOXYCZTCYX
22 VZAXPQFOXYCZTCYX
23 VZAXPQFOXYCZTCYX
24 VZAXPQFOXYCZTCYX
25 VZAXPQFOXYCZTCYX
26 VZAXPQFOXYCZTCYX
27 VZAXPQFOXYCZTCYX
28 POEVVPOBCWYEJNXH
29 VZAXPQFOXYCZTCYX
30 HBFREEVASIRERGOC
31 VZAXPQFOXYCZTCYX
32 POEVVPOBCWYEJNXH
33 HBFREEVASIRERGOC
34 VZAXPQFOXYCZTCYX
35 HBFREEVASIRERGOC
36 POEVVPOBCWYEJNXH
37 VZAXPQFOXYCZTCYX
38 POEVVPOBCWYEJNXH
39 DUBULUTVEONCKZIZ
40 HBFREEVASIRERGOC
41 POEVVPOBCWYEJNXH
42 DUBULUTVEONCKZIZ
43 POEVVPOBCWYEJNXH
44 VZAXPQFOXYCZTCYX
45 VZAXPQFOXYCZTCYX
46 DUBULUTVEONCKZIZ
47 DUBULUTVEONCKZIZ
48 VZAXPQFOXYCZTCYX
49 DUBULUTVEONCKZIZ
50 POEVVPOBCWYEJNXH
51 VZAXPQFOXYCZTCYX
52 HBFREEVASIRERGOC
53 HBFREEVASIRERGOC
54 HBFREEVASIRERGOC
55 POEVVPOBCWYEJNXH
56 POEVVPOBCWYEJNXH
57 POEVVPOBCWYEJNXH
58 POEVVPOBCWYEJNXH
59 VZAXPQFOXYCZTCYX
60 DUBULUTVEONCKZIZ
61 DUBULUTVEONCKZIZ
62 HBFREEVASIRERGOC
63 POEVVPOBCWYEJNXH
64 VZAXPQFOXYCZTCYX
65 HBFREEVASIRERGOC
66 DUBULUTVEONCKZIZ
67 VZAXPQFOXYCZTCYX
68 VZAXPQFOXYCZTCYX
69 POEVVPOBCWYEJNXH
70 DUBULUTVEONCKZIZ
71 VZAXPQFOXYCZTCYX
72 VZAXPQFOXYCZTCYX
73 DUBULUTVEONCKZIZ
74 VZAXPQFOXYCZTCYX
75 DUBULUTVEONCKZIZ
76 HBFREEVASIRERGOC
77 HBFREEVASIRERGOC
78 POEVVPOBCWYEJNXH
79 HBFREEVASIRERGOC
80 VZAXPQFOXYCZTCYX
81 HBFREEVASIRERGOC
82 HBFREEVASIRERGOC
83 HBFREEVASIRERGOC
84 POEVVPOBCWYEJNXH
85 DUBULUTVEONCKZIZ
86 VZAXPQFOXYCZTCYX
87 DUBULUTVEONCKZIZ
88 HBFREEVASIRERGOC
89 POEVVPOBCWYEJNXH
90 VZAXPQFOXYCZTCYX
91 VZAXPQFOXYCZTCYX
92 DUBULUTVEONCKZIZ
93 VZAXPQFOXYCZTCYX
94 POEVVPOBCWYEJNXH
95 HBFREEVASIRERGOC
96 DUBULUTVEONCKZIZ
97 POEVVPOBCWYEJNXH
98 DUBULUTVEONCKZIZ
99 VZAXPQFOXYCZTCYX
