0 ZCJYECRLPIDUGSXT
1 ZNZMTGECCXEEASKQ
2 TCSKYKWUFHTWNZQF
3 QKACGLCBSSPOXLZV
4 XAWMHDHGTCIFWWXL
5 PPQHRNNSVHDWQFOL
6 EAXIZSNWVJKDXLWM
7 POBZZHDHKOBEVPOP
8 RYDDOUHFXIYJGDSJ
9 MWMYEPSLLMBHVLKH
10 NXVBZMTYHORBHCXP
11 AXMLLRDTILOUOZSM
12 MZUBPAQIWLATSWQF
13 SMRLPFEXCMUIUEVI
14 QRLJQXVNHDISZUIF
15 XCCSIZQGRTUAOEZJ
16 BSRPVUMIBLBITQZB
17 VRBCWLHHRGHPVXEQ
18 FMLIHKIHJKEIXWME
19 IPXRVBICZQKMGBIA
20 HDCKMLBSYIBMIQYW
21 POBZZHDHKOBEVPOP
22 KMZZAPDVJBQLCENS
23 FZFZUQVMXVXXVYDC
24 XFICYMUONVPNUAPM
25 OSJKXZADWAJXVMNG
26 VYQPEFPMZYMVHEVT
27 MXLHEKQWWKXSMTLW
28 PVCATRSMCBWGLXSW
29 XPVCSCSZKUKSREAR
30 LNRTNVTUZGVMIDYP
31 AQIIYPBEUGBBATAR
32 KYEGXPJCFECGWBDG
33 KZSJVXEITCTZWQQO
34 MHPRGTZLKEFVRHPC
35 TIIJYESFVIVQQGKO
36 LPXVZHWVQNCKHKRZ
37 WVNEOLXTKGITCZCJ
38 RRSIIOBTURCAHSAC
39 UABYOUAXESOOXUSR
40 YHULOAAGRJVRDYVP
41 WMSSHMXLRQPGJXQK
42 RZEFRYNPEJNOHYTW
43 JPYRBLWXXHFIYDHX
44 VUFKQZVCVUACNLWQ
45 SZFMPVBJICDTOQXV
46 AXURYHETZOJKSGOO
47 HLCMFTRCILIJSJWW
48 TLDMHOIINBBRNLVG
49 PFPDNSOJBXLCRRMD
50 OELULMNGTTVUWPGV
51 QODLIUZDICXKOWHV
52 BQJEULZVZRKJXAFI
53 ORNIZJYTJUCGWEQQ
54 LCTOMQLCUJRLEAMJ
55 SJCADNINARSWMXEG
56 IZBIVIPMITKJHDNZ
57 BLCBVGYRQZCIRAVJ
58 NHPYCRCBTRJPIWLV
59 FZPFVWBJZIQZZGXX
60 JVVSAXNVYEJCVJCA
61 CCIMEPKDKHQFPFOF
62 JICLTDLDUXOSXGVN
63 WGXMDLRYNJXCWVYC
64 EBDWYSSEPIXKAWGS
65 JTAGNAXWFCHLMKIX
66 WQLAFCIQOLHJCLCB
67 PPQHRNNSVHDWQFOL
68 HZSWCRNGMBVSKBDQ
69 IZMHKISYBZEZBZMZ
70 CFPUDBGJTBUYHXQN
71 NIRRBOCQJEMZRWCK
72 SHTYIHODHYVTWQWJ
73 NXVBZMTYHORBHCXP
74 AGOFKLFEYEJSWRRI
75 YIIQJVDYXGPUWXRL
76 BJGMKXURGEGJMGSH
77 WSEGXGKSJTAZKPIV
78 MFNBFTBGSESTBNFT
79 STXIJBPFLBNGLWIO
80 YMWFEJEXOMFCTAJG
81 PAXOPRDBCWTGAESL
82 XSYMNCNYMXCMYMRB
83 XAGQKAGHYLZODANN
84 MDYUZLLYGGMRPSLH
85 QULWUFKTWBBSQQAG
86 HGUGLYZCPXRRGHKW
87 HPBSTOHWVVYRXCXL
88 XICOFBHKUDIZCHTY
89 ARDTUPZWVZDJHAQY
90 RSBOMEPLKQEMGWCS
91 JLUTLNYXXZYITLMQ
92 BJGMKXURGEGJMGSH
93 JSKWUAVWNNZZQLGQ
94 PASOTVDJTDJUEWTP
95 NCSZVLVZRBTPRAWX
96 XSYMNCNYMXCMYMRB
97 IPSAZQRZCKVDKEGL
98 MRTGEMIMOYRHTSBB
99 GLJLDRIDZNMRLPVV
100 UTKTHVLNZKWXMYXY
101 YCDTYXQOGLJGKHUA
102 ZWTYCSXOIFOZZDHN
103 FIEHZGOINQRBLYZJ
104 IDORQDLNCFLMQCCE
105 QYOOLARCIJKMECOR
106 UTNZRINUYKXIQUUO
107 JTZHXPOFLAYPOANP
108 APYTWPGQNBLABRSN
109 QKACGLCBSSPOXLZV
110 YVOAVABEFNVLRSCS
111 IAPTRCYGMIDQDZQR
112 YDHOXWIPDQFLLFKP
113 EFYTYBPFEQEAEDNH
114 HDATTXEIONZGQOUM
115 VMOSBPYIRTSAGYYC
116 MIVLQSGQYLBAGBYA
117 NHHUIOBAFLMBSVNN
118 YWDFMLTNKHKCMCVX
119 USIQUAGXXUROBQDU
120 UXIGYIJIUBZXTKAD
121 XPKSTCKLOINHZIBS
122 FHCUYGAOWZVHUVUJ
123 HQEZKPMAFULXSGVV
124 URKUFVTNJRVPPGXN
125 UNGMQMGHGVXGZYBY
126 FZPFVWBJZIQZZGXX
127 MRTGEMIMOYRHTSBB
128 GHQUFGRRWLOEGKCM
129 AJEAOCAWOWZAHQHJ
130 PISOCRMTYOKTTFKE
131 KZBNLNSQLUQVCZIL
132 QZEBXZVPJHXGFCYG
133 YOOGYWQIYMVCSTQI
134 WXYMPYBJVESUCDKS
135 HLCMFTRCILIJSJWW
136 MEULFKSFOMSTSVGW
137 YOOGYWQIYMVCSTQI
138 MXYXJQTZJBWQTLXF
139 ABTKXYCKFKXKBQXJ
140 QYOOLARCIJKMECOR
141 JRHPWGARUIKPTZLF
142 FLPQBRFWKZWOHQVQ
143 JTZHXPOFLAYPOANP
144 XHPRMOZKXULSASXA
145 ENVKJDQBJFOLRCQM
146 FZFZUQVMXVXXVYDC
147 IKPIVTKQQDVMAAHB
148 OLXASXGTUNVOMUCX
149 DAXDVHCLVQIMJEDK
150 CHSUZPPZVUGRMHVG
151 IZQUSGBPVYDFYNFW
152 ORQRWTXYGRUPJDEP
153 JICLTDLDUXOSXGVN
154 NNUQQWEBVIRWIFSP
155 NLBENJNRXVXEBANP
156 JYXCNQDBWATKTIWK
157 HFFXTCJGQLUSFFKO
158 PWSZMWBEUFFCVAWO
159 HEMKDYSMFJOEFYJM
160 DOENBQYCUNLZRYNM
161 GWESZKRGZIRHQQRC
162 IPFSDHFHTQNKJEZY
163 LNFGAXXCOFMMFQSI
164 VDAFLILYPZKZFYHN
165 RSBOMEPLKQEMGWCS
166 GORBEOGJPYPRDFHL
167 BVDBJAGNXNJPFMKP
168 DFNPCRPHLLQMECXQ
169 GJYOQCAEPWLHKBTA
170 GITFGRXLDHBQEIVJ
171 UOJUWRFYTVTMSWPU
172 PIHUWSIHZZYGVPUL
173 YQUQBWZVMEVPYGIH
174 PKGECUYLSAJSQHRX
175 BZPLLNKYEAKCUUFC
176 CRUHTRYCSKOXWJNP
177 DZYIEYDXZSEUQGBT
178 YRCROMLPNXWHNAUU
179 IZQUSGBPVYDFYNFW
180 FHCUYGAOWZVHUVUJ
181 CGIDXDNUIXHIIILU
182 STZWRPGNTPFZVOQR
183 KHVPGFTYPESFHRQD
184 JTZHXPOFLAYPOANP
185 UKQKNEOPVMSZOMJI
186 YOOGYWQIYMVCSTQI
187 IPXRVBICZQKMGBIA
188 XBAIYOKOVCUUCJTS
189 HVKQUCYTIKXBOKUQ
190 MBQUSDNKEHMUCQKD
191 TTNZNNOAGFABFJUN
192 XICOFBHKUDIZCHTY
193 FMLIHKIHJKEIXWME
194 XICOFBHKUDIZCHTY
195 KHVPGFTYPESFHRQD
196 ZZGPHKHTQZVXGAYP
197 NUTEGRDCDJVWPYLR
198 GVDJEPELOMYTBLEB
199 WDLKZDPPPBTXNGBZ
200 GWSEGNVEMOGHSKAB
201 NGSNHSTZKWNFSMCI
202 TKHTTISCGTDAWSFQ
203 BGZXPMTNOMKCYINJ
204 IOFAWLRAUANAMPEL
205 VCAOUOIFMUCOVMDZ
206 POBZZHDHKOBEVPOP
207 YZZPLXTMJYWRUWJH
208 HQEZKPMAFULXSGVV
209 REHNCSIQVUIYFLEN
210 NNTDLJNDBMIVZDBK
211 WNYUUAIAFWLFZOMT
212 WHIEFQVEOHDYBUKY
213 JASQUPSSBEPPKEFJ
214 DWJEILWIFNEYYYAC
215 YZAPCXAXPESEAVRT
216 SVRMZIAXVNTHZDRQ
217 QSVMNNJOBSHZNVPE
218 BMNIEKFITKZTQEGV
219 VBTZPFGJGDHZDGTA
220 TMZPWXFKQFKHBFMV
221 VRBCWLHHRGHPVXEQ
222 IYKKTTHBYCYJUIDQ
223 USIQUAGXXUROBQDU
224 IXXJDNPJHRRDKEMC
225 WRABUKCHZBTERXDT
226 KLUHWIAGILDUEKVA
227 BZZFGMFVWWOWSEKN
228 MGJYWGKTLVJTNZDW
229 WPBNGHLJWIYAEJOX
230 QAJIEQYQTUHTIXVT
231 MNVWGAEEOMPKBIJR
232 TTEVHJROJDICTJPO
233 KUVNOVBMNIJATQWG
234 YIZBEBLQIBEEZGND
235 GJYOQCAEPWLHKBTA
236 TUZXPKBSKQAUQHAV
237 IULFOFMDKQZBRDFV
238 TMPNJTJCDXCGPIBI
239 YLDNFLBJMFSJAFRF
240 MQJOFGXDLDVXDZQD
241 PANERPNTUHYGTZDI
242 ZGCSZWUQDOCNHZTV
243 SJIEJBHYEKREIFRL
244 EGXPGINQXOPJQRDV
245 YMLFZXZYXYHGDPAX
246 FAPTCPHPKJHOUTTJ
247 LLKQBWIUFDMXLFUR
248 WTWGBTIGEBHVKJYW
249 HLAVZMKHMJCBEUNA
250 GMPPDROOWVCBOHTA
251 BEBOYJPQDGNWVLHP
252 TMZPWXFKQFKHBFMV
253 WDDDYHUZLMIVLNGU
254 YOTHXKMSPXKAVBQA
255 MHPRGTZLKEFVRHPC
256 AFZPQQHVJAACYOTM
257 JVSHYUDDIMXXMYUX
258 UMFKXAXPDHLOXXTP
259 REHNCSIQVUIYFLEN
260 DUKZIUSWOUYFIOUP
261 SMOHDWCSITSJRTUG
262 AZWNSVVGXMWVKYPP
263 MURORMGGXGDFWQKD
264 CKQNLZOWHYPIIBOS
265 HMKZNXVFRLAIBKAG
266 YMVQRMHAUIAKOLMY
267 NGSNHSTZKWNFSMCI
268 BBOMDXSXPHSUQAKP
269 PPQHRNNSVHDWQFOL
270 IEWNBMXUVHPTJPCC
271 LNELTTWMUXONTAOZ
272 OVVNIRJZDUXMHKBX
273 DQYPWJPAZZAHBCSJ
274 USIQUAGXXUROBQDU
275 LXHPYTGZIHWQCZWT
276 AFTXWWGCDHEARWCQ
277 EAFMTWVSGOBSTXAJ
278 AITMZCESBBFLWQLB
279 NQKLZLZDWJAHIAAV
280 PNNEDTXXIERGWBPZ
281 LYXFKTSZOSGRDECO
282 OIWEEBUGWYNVHBRC
283 IFCRUKIRCPRMZGYR
284 YMVQRMHAUIAKOLMY
285 MZDVOVZSVLLOPGNI
286 QDKJWQUZFZEWCTLK
287 YOTHXKMSPXKAVBQA
288 BDMVXAQRJBCBLPSB
289 XIFWMQUTGOIKCMBU
290 NNUQQWEBVIRWIFSP
291 HFJXXAKPRVVZOFVU
292 KRRWETTGGVWKFUGL
293 NNNWOZGSFBZOTAWN
294 PAXOPRDBCWTGAESL
295 XZYBQISQRQQLZJHH
296 KCIDMUZZOMUXFNXU
297 ENHGHELLRHKFMUKX
298 FLPQBRFWKZWOHQVQ
299 AWUXDWXITWSLKLWC
300 FJULRGCHDUTBZLRI
301 WJYKUWFDPNYRAQVY
302 WGWGPRHDJXQDDATM
303 RTWSPGNDFZCZYKXK
304 CJMZIYEYDIZELNFU
305 SHLXPASJJQRVNBAW
306 TYODBCSBHZFNQTWQ
307 RXSDLICPNYWNNZAO
308 TQDCBCMJLOATCBYJ
309 KVOHYAJUCOLXIYAT
310 QFXKFCNDYIRUWNQT
311 HUGYHMQWMDINCVCY
312 BLFZTNXSPUFHHHCH
313 AQHFKRWYLRHDYHNS
314 VQGPILLXFLRDDOVR
315 FMGMCVEPULWVMLJV
316 JECJPDZPIDLVNMZR
317 ZXUEKFUCTHTAHFSK
318 ZDVCBYIYBBCUIEQJ
319 OXZKKMZFDGHZMJPK
320 UUFZKTOABKHSTQIR
321 NMQDKVZWNDHGKGNC
322 RDIAXBZWOAAUCTOF
323 KFYHMQMMNBNSQFWB
324 AITMZCESBBFLWQLB
325 GWSEGNVEMOGHSKAB
326 LWOKFIHPJDQGJWWP
327 XCCSIZQGRTUAOEZJ
328 KPSWGHXBNFYJDMEL
329 AZYRCEKKLKVVKTFH
330 YXWINTYVCDGPVOBB
331 QIKOQRXLVZPGORPL
332 YQERZXNWZFLUUWTC
333 MZUBPAQIWLATSWQF
334 XECVQIARPPSNWANO
335 HIJPTLAYLMKHNHTE
336 ZRCWIIVFBARGCMVV
337 FIKGGMLWTXEZSGEP
338 JYXCNQDBWATKTIWK
339 VBTZPFGJGDHZDGTA
340 KUEYFXVUBSVRWASM
341 KICNBHOGYLSMKWBK
342 KAEOUHJCPYCJPMYX
343 JRRCZYKMHQMCKLLW
344 ICADBAAULJQLKDWX
345 DPRGTIIKNSQXTROY
346 IEGDCHRTKYMHSAGM
347 AITMZCESBBFLWQLB
348 UNINPCOWBPRXHVJV
349 TUPLRUSYQIVYRNUD
350 GIYWTKKAOZXDBTXP
351 GJYOQCAEPWLHKBTA
352 OXRGYOWQYDBGUPIM
353 ABORCEDSFJFDXNLJ
354 HNGFGRVVJWSQIDUP
355 AIWGHQOJJTCEQXYC
356 MDYUZLLYGGMRPSLH
357 QKXGWOGWDZKAOYJX
358 ILKTKBLNTIUYNSQZ
359 BVKCCKJOGLVVDALO
360 PKGECUYLSAJSQHRX
361 VCJKYQLECEKSUHQJ
362 XAGQKAGHYLZODANN
363 MRTGEMIMOYRHTSBB
364 DKBJTVQZYRTBLLMQ
365 VMOSBPYIRTSAGYYC
366 QSVMNNJOBSHZNVPE
367 JUXLZZPYLOMSDNIJ
368 IBUBUSHPTGQKPGYK
369 PAXOPRDBCWTGAESL
370 MEHOQGNYZDZQAVON
371 CCIMEPKDKHQFPFOF
372 JPJCDEFMOGRBHRFK
373 FIEHZGOINQRBLYZJ
374 HNFHNDAXYKSBRZEZ
375 FLPQBRFWKZWOHQVQ
376 XUJEPBZWKTAYKQHN
377 UNINPCOWBPRXHVJV
378 NSVGEIZKEZTIAKSS
379 NMQDKVZWNDHGKGNC
380 JKXMRWIJITKQZIXK
381 FFHZYRLTBOBSMIES
382 URKUFVTNJRVPPGXN
383 ZWTYCSXOIFOZZDHN
384 JCSGBJCIYUZRTIBF
385 HJOFLWMOPMFTTBBC
386 KHINKPORUQMYDCQZ
387 ZDNZBVSRKHQGWYKC
388 EKQPNEFGCVASFHDW
389 HEMKDYSMFJOEFYJM
390 DUNYGALAFSVDMJQO
391 LHEKSYKZJDYZGQMT
392 BBOMDXSXPHSUQAKP
393 MFROJNBIZGAOXCSS
394 CSECBMNFCXYYVCST
395 YZZPLXTMJYWRUWJH
396 JXLUOFPAEHYUMHVH
397 AIFAUOBCNAHXQIPR
398 KPSWGHXBNFYJDMEL
399 UTNZRINUYKXIQUUO
400 LEHVZGYIUNCHUKYC
401 LNELTTWMUXONTAOZ
402 VQGPILLXFLRDDOVR
403 THXBGAOYXQBZWRBY
404 HWTEWEOKUFAJBPUC
405 QXDVNBAUGXTQNZXI
406 SBUSOJFKTKLUWTCD
407 IRJMSMPRWIYQUSLM
408 UKQKNEOPVMSZOMJI
409 XUJEPBZWKTAYKQHN
410 JSKWUAVWNNZZQLGQ
411 QUYXKTYIISTLVAVN
412 WWRXFLUDRZFVIOPK
413 SHFIXQYEFDYIGPUB
414 APJXHBTMRNRDNSLM
415 AEMJFXVFRPJZKDRH
416 ZGCSZWUQDOCNHZTV
417 QSVMNNJOBSHZNVPE
418 DGNFLAJVAVFSENRQ
419 SETCOTHTQKMYOYVE
420 UOJUWRFYTVTMSWPU
421 LRGOSTUFTRLLDGOE
422 LEHVZGYIUNCHUKYC
423 VQCQNUTCHAVAWIIL
424 QIKOQRXLVZPGORPL
425 XSYMNCNYMXCMYMRB
426 WGWGPRHDJXQDDATM
427 PDWOXAPLVKGYWXRG
428 LBTWOGSRTUTNTMVC
429 UOJUWRFYTVTMSWPU
430 YMWFEJEXOMFCTAJG
431 SBUSOJFKTKLUWTCD
432 BMFOOSIZUAFCOMXF
433 JMDOJNFUXOMFUMZM
434 GSWDKJPMZFKGSJGF
435 XZYBQISQRQQLZJHH
436 GIYWTKKAOZXDBTXP
437 GNHUIZSHBFLGFWYQ
438 AHEGLVXNHRZKOZFE
439 SAKLNNIUQANIZVEM
440 YYJWWQALHEFMGINV
441 IKNFXBAMCPAETNDR
442 MGCMRFSADVVKNFFZ
443 WKHQEIISALNRWOKX
444 JASQUPSSBEPPKEFJ
445 FLPQBRFWKZWOHQVQ
446 QAAVCPRSOXSZCKUY
447 VQCQNUTCHAVAWIIL
448 HMMGJHJVXLUWJORR
449 WERIYUWXVNRDXKIF
450 ZIHXDXVJHBRGSSHH
451 BEWRKGXNOEMHDYGC
452 HAFHTDUDODAWZLOR
453 QAJIEQYQTUHTIXVT
454 RWZANILLQAPOQXFD
455 UJOXNQYMOCPNSPXA
456 DTWRIKEFVAUISOXP
457 JFBVWPJNWGFIWYOC
458 JVSHYUDDIMXXMYUX
459 DZYIEYDXZSEUQGBT
460 KUEYFXVUBSVRWASM
461 DXZWYYLZUQTNRLMD
462 LYXFKTSZOSGRDECO
463 HTJVPFPXYVCTJDQQ
464 LHEKSYKZJDYZGQMT
465 EZEJEWEVEERQMDYB
466 VRBCWLHHRGHPVXEQ
467 ANRMAJPBLKNOMSAZ
468 ZXUEKFUCTHTAHFSK
469 BVKCCKJOGLVVDALO
470 EILPBWAOBSEYIXON
471 XBDWKMZDRQZAUGFL
472 PCVHQOFLPHMILFHG
473 DWDDIXNUUOSAUFMM
474 BLCBVGYRQZCIRAVJ
475 CHEIMEJXGUIKIKNH
476 MZUBPAQIWLATSWQF
477 JUXLZZPYLOMSDNIJ
478 ERUJEEATMAKRNACJ
479 RZSCSZIOXMNKLMWJ
480 IEWNBMXUVHPTJPCC
481 VSBDMJHZPWNTCFBV
482 DRSYWSUXIGLJVBFY
483 HQXBCMNLCOULADUZ
484 LHEKSYKZJDYZGQMT
485 RZSCSZIOXMNKLMWJ
486 UOJUWRFYTVTMSWPU
487 MHPRGTZLKEFVRHPC
488 AAYPVMJBXEDGTFFK
489 FIEHZGOINQRBLYZJ
490 TDDJBWQJLNNERPAK
491 APDHGORHNYHETRXY
492 QTLFJHSHCLPJSBTI
493 TWQAPTHXPPXTYUJY
494 KHINKPORUQMYDCQZ
495 JYXCNQDBWATKTIWK
496 FTURYEMPBVHHQBSC
497 XPVCSCSZKUKSREAR
498 SMRLPFEXCMUIUEVI
499 CCYURYRMMKSUAJCQ
500 UNLGXKLFJZCHCCXC
501 HMKZNXVFRLAIBKAG
502 MXLHEKQWWKXSMTLW
503 RNDTJYVHOXNDWXLC
504 ZOLMEFHPXJSDAUMI
505 LXHPYTGZIHWQCZWT
506 RKDHJWBWTPMGOYMY
507 VSMWDTBHLETIDYJR
508 CEEATWFJBDJWWSKW
509 HURBSJKOPCJAMADB
510 SBZRQHWICRWHVMHS
511 ORMXUDYFTEXNQYWO
512 NHPYCRCBTRJPIWLV
513 YXWINTYVCDGPVOBB
514 SHFIXQYEFDYIGPUB
515 NNTDLJNDBMIVZDBK
516 RMEKCOIKTHIRKMIP
517 BVKCCKJOGLVVDALO
518 JYQMPJDGABHZNNPI
519 HMQGTEVTPTFFJEKK
520 IEWNBMXUVHPTJPCC
521 SHFIXQYEFDYIGPUB
522 HVKQUCYTIKXBOKUQ
523 BOQKWXJSZUUKTWYW
524 NIOYDBMXKHQTXFUD
525 MNVWGAEEOMPKBIJR
526 DGNFLAJVAVFSENRQ
527 HDATTXEIONZGQOUM
528 DCWOBFCKMPNLLBEQ
529 XJJMVHQEZFYBNZVK
530 ZVUYZDWNDGBAZXYP
531 RYDDOUHFXIYJGDSJ
532 PBSLDNJQOIPLUIWA
533 NNUQQWEBVIRWIFSP
534 PDWOXAPLVKGYWXRG
535 IETDHKEMDGGVPWRD
536 IPFSDHFHTQNKJEZY
537 UDJNAOENKZBNNOLS
538 LHEKSYKZJDYZGQMT
539 SIFIZTJTXYBMARLT
540 KHINKPORUQMYDCQZ
541 EKQPNEFGCVASFHDW
542 PAXOPRDBCWTGAESL
543 VQUCDHESKPHAUNLL
544 CCIQDAJZCSTYOTMF
545 MBCVKFSVBPMRYHVH
546 VVIFMBXGXZQYELBS
547 EACLNSHNYZZBHTQL
548 AXURYHETZOJKSGOO
549 DAXDVHCLVQIMJEDK
550 UYAKBFCYAMOCZUGQ
551 QXITPRPAKFMAZUJA
552 YMLFZXZYXYHGDPAX
553 UDJNAOENKZBNNOLS
554 LEVRNFSOKLDYTBIX
555 DCCVGFTUNLFTFHUC
556 ICADBAAULJQLKDWX
557 LLCVCBJRBJQDXZWU
558 ZQXNSGSNKWCPYQDX
559 KRJCWAHMXYJRJGDH
560 AMDIERZBVOBIGGLY
561 PIGGFQKMFALDLWAO
562 EMPEWIEZFUBPQHGC
563 TDDJBWQJLNNERPAK
564 INMLINLRSEQCOTAJ
565 IEGDCHRTKYMHSAGM
566 IHTKWMKDEZIYLVSR
567 JRHPWGARUIKPTZLF
568 AZYRCEKKLKVVKTFH
569 DXSYIJPLAYCVOGTR
570 HLCMFTRCILIJSJWW
571 OABFNXYDLZNXJKRS
572 QAJIEQYQTUHTIXVT
573 HWTEWEOKUFAJBPUC
574 MBXXBQCONBYMRTNI
575 ZRCWIIVFBARGCMVV
576 XCTCULIRCFXQSAXJ
577 YHULOAAGRJVRDYVP
578 SVCXIKUZSOAZWRKU
579 KXTKCLQXEDGEZAWV
580 SVCXIKUZSOAZWRKU
581 AWUXDWXITWSLKLWC
582 GIRZILFGINGJLFYW
583 PBSLDNJQOIPLUIWA
584 DSOHPSJDWGVVRVSW
585 NCSZVLVZRBTPRAWX
586 IUSOPCJDUBNGVQCN
587 TTUBYIMDJPYXOIEW
588 GIRZILFGINGJLFYW
589 GWCFTIDEWDQULBGR
590 ICGRSGPBSBPDVMIL
591 SBUSOJFKTKLUWTCD
592 OTTDRKNLXYYEITZP
593 FVZYZKBLCERPQEZG
594 RBVDPTHYLDAGHTHU
595 QXDVNBAUGXTQNZXI
596 QKXGWOGWDZKAOYJX
597 ZCJYECRLPIDUGSXT
598 FMNNMPNWXYYLDTNJ
599 RWZANILLQAPOQXFD
600 AADERRZLEKXFNAOA
601 LXHPYTGZIHWQCZWT
602 KAXMEQSRDOWOZHAS
603 JICLTDLDUXOSXGVN
604 LRLAWAVBOJRIRIWQ
605 QKRFEHYAULOSWUPC
606 ONDRGKTZMSZFJCCM
607 BSWKUJXSCTMDNMLV
608 LUHLBWGWBJGZUGLK
609 CJMZIYEYDIZELNFU
610 ZULTCMFWKSYZYCVI
611 HGUGLYZCPXRRGHKW
612 FFHZYRLTBOBSMIES
613 YZZPLXTMJYWRUWJH
614 YHULOAAGRJVRDYVP
615 VDUUBWJJMSHQMKGY
616 MBUOMBRWYAZCRGHO
617 IGJZUSIHBXQMQUAB
618 MFNYKSXENOJCCTFL
619 TQDCBCMJLOATCBYJ
620 IQVERUBWGBEGCOQA
621 SJCADNINARSWMXEG
622 VNROVIMXRHJTPSUA
623 UPRRBCQAMOTKUWCD
624 KPQTOXVCELNOJWNM
625 XIFWMQUTGOIKCMBU
626 QULWUFKTWBBSQQAG
627 NWMSSQBJPYOOEFIA
628 GSWDKJPMZFKGSJGF
629 GZYPOGXVFZUVAOXY
630 VMKFKXBPJXGZBRTX
631 AITMZCESBBFLWQLB
632 GIYWTKKAOZXDBTXP
633 DRSYWSUXIGLJVBFY
634 DUNYGALAFSVDMJQO
635 ABFVKVWTFNHTUJTC
636 YZZPLXTMJYWRUWJH
637 TTUBYIMDJPYXOIEW
638 IMBNDDNPKPAEZCKY
639 VUFKQZVCVUACNLWQ
640 EKSIJWTVUXSBLLEN
641 ENZPHDEINUASKOBP
642 PINLCRSSAFLHAKNX
643 QXDVNBAUGXTQNZXI
644 FTPDYMUDCVNCFLFE
645 HJOFLWMOPMFTTBBC
646 QHZPBKJSYRZGSQRD
647 VFMUBTXUQZXUTZED
648 CCIQDAJZCSTYOTMF
649 OXRGYOWQYDBGUPIM
650 VDAFLILYPZKZFYHN
651 AXTHLWTVIMIIJLWC
652 UYAKBFCYAMOCZUGQ
653 QRLJQXVNHDISZUIF
654 KAXMEQSRDOWOZHAS
655 RVVOKOLBMROACONU
656 IZBIVIPMITKJHDNZ
657 MDJIMSCGLDVUTZMZ
658 GKSAQQWWZKHEHKPL
659 JPYRBLWXXHFIYDHX
660 OTEZFBWUATKXZYWT
661 MGCMRFSADVVKNFFZ
662 PVCATRSMCBWGLXSW
663 WMYDLUUUOLOAGOCL
664 OYPDHVCGLCXORMSS
665 YDTLLJITJIRITVJM
666 AJEAOCAWOWZAHQHJ
667 AIWGHQOJJTCEQXYC
668 JBTRQSXPZADBOQKO
669 JTZHXPOFLAYPOANP
670 CHSUZPPZVUGRMHVG
671 KQHEWNMBSMGATHFV
672 UMFZZFDIIDFCEQDG
673 DQYPWJPAZZAHBCSJ
674 BLFZTNXSPUFHHHCH
675 ELIIITOUHERCGCVC
676 QYOOLARCIJKMECOR
677 SZSOOPKWDMTHQUIT
678 VMKFKXBPJXGZBRTX
679 BSWKUJXSCTMDNMLV
680 SETCOTHTQKMYOYVE
681 TIIJYESFVIVQQGKO
682 APYTWPGQNBLABRSN
683 VQCQNUTCHAVAWIIL
684 QXITPRPAKFMAZUJA
685 ZGCSZWUQDOCNHZTV
686 QWHVOCNPMERMVEMF
687 TUZXPKBSKQAUQHAV
688 XVPMHXXIBBKULWEU
689 TQDCBCMJLOATCBYJ
690 ORNIZJYTJUCGWEQQ
691 MDYUZLLYGGMRPSLH
692 RTWSPGNDFZCZYKXK
693 SQREMXFZDWYZQEZN
694 PFPDNSOJBXLCRRMD
695 EYYHZSFECVDUMBQI
696 WPJPGSMOZKUGXGQM
697 IAPTRCYGMIDQDZQR
698 HMMGJHJVXLUWJORR
699 ENHGHELLRHKFMUKX
700 EEQLMKIKNPLRZWFP
701 SJCADNINARSWMXEG
702 JCSGBJCIYUZRTIBF
703 AXURYHETZOJKSGOO
704 HMKZNXVFRLAIBKAG
705 LNFGAXXCOFMMFQSI
706 LIZLRYQMFBJFFOCT
707 ENHGHELLRHKFMUKX
708 KZSJVXEITCTZWQQO
709 VEDCCSTLVLBBUUIS
710 PNDQBJTWJBPEFRFG
711 YXNOARVXZQSAEPVV
712 BSWKUJXSCTMDNMLV
713 PIGGFQKMFALDLWAO
714 MFNBFTBGSESTBNFT
715 JTZHXPOFLAYPOANP
716 LCTOMQLCUJRLEAMJ
717 BVKCCKJOGLVVDALO
718 CKQNLZOWHYPIIBOS
719 VXWYMJAOCNVTDUIC
720 QFELYMXLOSJNSVAW
721 IRJMSMPRWIYQUSLM
722 BNOOONLCSVUDMJYN
723 SVRMZIAXVNTHZDRQ
724 BPSQRXBOBVTQJTFA
725 BNOOONLCSVUDMJYN
726 AMDIERZBVOBIGGLY
727 JNILULDUWDLIVSTW
728 WXYMPYBJVESUCDKS
729 WPBNGHLJWIYAEJOX
730 GWCFTIDEWDQULBGR
731 SFIMMVRVZLGTURRF
732 EGFAKFSZMJJZEGAS
733 VDAFLILYPZKZFYHN
734 XUJEPBZWKTAYKQHN
735 YYTQTAAOWXHPWJPX
736 DPOCIECKCTSQUYKP
737 EDKANNPARLYGPOXA
738 YQFYTQWVPSXDPEFM
739 SHTYIHODHYVTWQWJ
740 AJEAOCAWOWZAHQHJ
741 EACLNSHNYZZBHTQL
742 HQEZKPMAFULXSGVV
743 SEJRXKAMIICJABZA
744 NEOJBSILDBUXUZRY
745 MRTGEMIMOYRHTSBB
746 HDCKMLBSYIBMIQYW
747 IEWNBMXUVHPTJPCC
748 IFWLQAPQCMTBKITZ
749 NNYTLRTYYVWUPMOB
750 WLGFBGRYGFTKYRCB
751 OYPDHVCGLCXORMSS
752 TKDNVPWNZHWSSPNP
753 QNJZFUFAXZXZAGNZ
754 ZKOAVAWKMBXDHCEK
755 SQOPEVGWYTNEXPKE
756 ZULTCMFWKSYZYCVI
757 QTTAIWXJXTJPQGNB
758 XAGQKAGHYLZODANN
759 LXHPYTGZIHWQCZWT
760 PBSLDNJQOIPLUIWA
761 QIKOQRXLVZPGORPL
762 HMKZNXVFRLAIBKAG
763 NGSNHSTZKWNFSMCI
764 VNROVIMXRHJTPSUA
765 SIFIZTJTXYBMARLT
766 JEEOLSNCIQROBREH
767 XCGKCYMHTMLPIUPI
768 GLHJWBFRHJOOBUVO
769 JPJCDEFMOGRBHRFK
770 XNQURXVHGMHRJWIP
771 PCTWWUEDYHYTNHXF
772 BZEHVCKFBGWMZAVL
773 SAKACGCBERTDOQKO
774 CKGDJIMQXGPXTVVI
775 IFNXDQSFFVVIVUPM
776 AZYRCEKKLKVVKTFH
777 WLWYZSWMJVYPMIOI
778 NHHUIOBAFLMBSVNN
779 XVKZTWGREDOKIOEH
780 QKRFEHYAULOSWUPC
781 JVVSAXNVYEJCVJCA
782 YYLDKZYBAGHBQAJQ
783 TCSKYKWUFHTWNZQF
784 WHIEFQVEOHDYBUKY
785 JACNMIZOFHALQPBM
786 VBTZPFGJGDHZDGTA
787 FYXYWHSVIWDNYPNQ
788 DUNYGALAFSVDMJQO
789 OYKLKZFZGIMTNYWX
790 KUVNOVBMNIJATQWG
791 ACQQJRAUSNJNSZSJ
792 RMEKCOIKTHIRKMIP
793 ZHYXATQNKKJGLADA
794 QZEBXZVPJHXGFCYG
795 JTAGNAXWFCHLMKIX
796 STZWRPGNTPFZVOQR
797 KZBNLNSQLUQVCZIL
798 KZDPYJTKZNZUCNTR
799 OYPDHVCGLCXORMSS
800 YXNOARVXZQSAEPVV
801 CRUHTRYCSKOXWJNP
802 UXRABUZJKTCDCBQC
803 XHPRMOZKXULSASXA
804 KBPONDTWOYJQGBYM
805 QAJIEQYQTUHTIXVT
806 RPKMPNJYYCMNOLZJ
807 NIOYDBMXKHQTXFUD
808 RDIAXBZWOAAUCTOF
809 IYEKEUNLKZSEMLRW
810 AKHHLTSKVNCWNWNV
811 CHEIMEJXGUIKIKNH
812 UEWHRYQHRGXWMNKO
813 QUHCPUNQSVUSFWRE
814 SSGTDZMSULWJLWXR
815 URKUFVTNJRVPPGXN
816 AMDIERZBVOBIGGLY
817 UMFKXAXPDHLOXXTP
818 BGZXPMTNOMKCYINJ
819 YRCROMLPNXWHNAUU
820 YQUQBWZVMEVPYGIH
821 ZWTYCSXOIFOZZDHN
822 IYEKEUNLKZSEMLRW
823 IETDHKEMDGGVPWRD
824 CPSJFMGIEOWKWRER
825 MGJYWGKTLVJTNZDW
826 HHKAVARKDDLRYEQV
827 MWRMRVRZUFENEOSI
828 HTSGNDHHDEELTKNW
829 ORQRWTXYGRUPJDEP
830 NCSZVLVZRBTPRAWX
831 WPJISJJWRXAVWLKH
832 KZDPYJTKZNZUCNTR
833 LCCIKMYHKSBWINBX
834 HDMNJGYERUALJJDO
835 YSOSIWNIVCYQRRLE
836 JSKWUAVWNNZZQLGQ
837 YHBKMEBEGDXEVOGS
838 OMCLYFDNHJJIIKYW
839 KAXMEQSRDOWOZHAS
840 KNVPPLCOYKISXGEK
841 AXURYHETZOJKSGOO
842 SRJYGCHUVSLPBATA
843 QUYXKTYIISTLVAVN
844 BTXBFSPXXMAZSJLB
845 MFROJNBIZGAOXCSS
846 CGIDXDNUIXHIIILU
847 DKBJTVQZYRTBLLMQ
848 YHCFCDPDEHOXJZTQ
849 SEZPGUKIIORPIVRP
850 QRLJQXVNHDISZUIF
851 BDRNLASMQAYKOGPE
852 KUEYFXVUBSVRWASM
853 BVAZIOOFUKQVZIPH
854 OWDTYCCSFRSTVBGE
855 TMZPWXFKQFKHBFMV
856 OIWEEBUGWYNVHBRC
857 SBUSOJFKTKLUWTCD
858 SSAETAHIKMDPMENS
859 FWSVJCYFPWCYQQEV
860 VQCQNUTCHAVAWIIL
861 XNUJZPALXJTJMUXZ
862 PBSLDNJQOIPLUIWA
863 UOJUWRFYTVTMSWPU
864 CQDWIWLYGJFTSYWT
865 RURGWTGUWUPBENKL
866 DTWRIKEFVAUISOXP
867 NYWJCXEDSFROXZON
868 OWPWOYHYFUXVPLTJ
869 WMYDLUUUOLOAGOCL
870 BIOHDMOFAEMRAHCD
871 UJOXNQYMOCPNSPXA
872 KUEYFXVUBSVRWASM
873 IETDHKEMDGGVPWRD
874 QLQNLHDPXBARDUWJ
875 ONDRGKTZMSZFJCCM
876 XBCDNAKYQUXYPKMO
877 VBTZPFGJGDHZDGTA
878 TQDCBCMJLOATCBYJ
879 ACQQJRAUSNJNSZSJ
880 GJEDEGWIQPVANIBR
881 YSCNXCGTNVRVAKXJ
882 IEWNBMXUVHPTJPCC
883 GORBEOGJPYPRDFHL
884 SIFIZTJTXYBMARLT
885 EGFAKFSZMJJZEGAS
886 BEZKKJPMVRGFTHPE
887 UWGDECRQVOQQDPCM
888 RPWUSFNMCIDCDHNX
889 HMKZNXVFRLAIBKAG
890 VVIFMBXGXZQYELBS
891 VUFKQZVCVUACNLWQ
892 TMEJPPOGEXUDULPF
893 KXTKCLQXEDGEZAWV
894 ZCZGBQLGKKFEMCLB
895 DDZWNVMUVFGBTJUU
896 APJXHBTMRNRDNSLM
897 UDJNAOENKZBNNOLS
898 FJULRGCHDUTBZLRI
899 MABTRPMEYNQPGTHU
900 JCSGBJCIYUZRTIBF
901 VOTOGKDCNISRPQYR
902 WSEZQJCRWLSNAWZE
903 RURGWTGUWUPBENKL
904 CKSQTWZKITCONIAS
905 YWDFMLTNKHKCMCVX
906 HBGXLBVZGBVEACON
907 KNVPPLCOYKISXGEK
908 WTFXXNMDCHASSRKI
909 RABUYIMXOMDNKXYU
910 STXIJBPFLBNGLWIO
911 HFFXTCJGQLUSFFKO
912 IAHLKVILPWCWXLQS
913 FUUBGACWOPJIXMRB
914 WDDDYHUZLMIVLNGU
915 KICNBHOGYLSMKWBK
916 OBVCXNHQVNMCKZEL
917 XIFWMQUTGOIKCMBU
918 UPRRBCQAMOTKUWCD
919 IFNXDQSFFVVIVUPM
920 AMDIERZBVOBIGGLY
921 ICGRSGPBSBPDVMIL
922 XSNZARKFWVADUNTJ
923 NMEYHRRGAZKBMXHP
924 WTWGBTIGEBHVKJYW
925 PHTCYNZSJBKMBUXP
926 PTRVQOMZBPWXHCXD
927 IFCRUKIRCPRMZGYR
928 LLKQBWIUFDMXLFUR
929 MGJYWGKTLVJTNZDW
930 PVQLLGYWNJVQTJST
931 AWVQZKGFBVUJZYPO
932 OPTVNIATIUYKMICN
933 ICGRSGPBSBPDVMIL
934 VRBCWLHHRGHPVXEQ
935 FWRTPSGNTANTVABE
936 KPSWGHXBNFYJDMEL
937 WRABUKCHZBTERXDT
938 TTNZNNOAGFABFJUN
939 IYKKTTHBYCYJUIDQ
940 BEZKKJPMVRGFTHPE
941 HGXGCGQSWZAGPXYC
942 NQMYKIFVNWSKTGOX
943 SHLXPASJJQRVNBAW
944 UMFZZFDIIDFCEQDG
945 KZNNVSGQZFGDVKBY
946 UTKTHVLNZKWXMYXY
947 PIGGFQKMFALDLWAO
948 WSEZQJCRWLSNAWZE
949 OFSVKQGVJUGMCACW
950 AJEAOCAWOWZAHQHJ
951 DZYIEYDXZSEUQGBT
952 GITFGRXLDHBQEIVJ
953 VSMWDTBHLETIDYJR
954 HFWRBEDDWJYBMEYX
955 DUKZIUSWOUYFIOUP
956 GEVZXMHSGMTVJUOO
957 CEEATWFJBDJWWSKW
958 TDDJBWQJLNNERPAK
959 UXIGYIJIUBZXTKAD
960 AFZPQQHVJAACYOTM
961 ZCJYECRLPIDUGSXT
962 NKLOBQTFLHNXKYHO
963 FSOZIYYVQEDIKHXB
964 QWPMYJBRSDIATCFU
965 MWRMRVRZUFENEOSI
966 IYKKTTHBYCYJUIDQ
967 GIYWTKKAOZXDBTXP
968 GBWIXQBBGIZXADKD
969 QKACGLCBSSPOXLZV
970 MTWRXCBCIQUTBYDL
971 GBWIXQBBGIZXADKD
972 RGQEQJOWFHLZUWHK
973 TOXSIFVVMCEOJMUJ
974 GMPPDROOWVCBOHTA
975 CFPUDBGJTBUYHXQN
976 KFSSFEVNSJAFFJZD
977 CHEIMEJXGUIKIKNH
978 HIPAUPUIWIMKNLYU
979 PFWWLGHEATTKHADQ
980 BDRNLASMQAYKOGPE
981 RBVDPTHYLDAGHTHU
982 MPXRSOPRCUUSHFWY
983 CKTPWFJGRUIRHBVQ
984 AFZPQQHVJAACYOTM
985 WKWSMFNUNDCDNYDI
986 ZRCWIIVFBARGCMVV
987 QAAVCPRSOXSZCKUY
988 KAXMEQSRDOWOZHAS
989 FKMYVNUJSIUXXYUL
990 HJOFLWMOPMFTTBBC
991 IAFXRBJMAHBDTAEH
992 FISQBDDKNLWCJILN
993 ONDRGKTZMSZFJCCM
994 UWBRWLPGQHSQPLNF
995 JFPQTKTMUBPNZSRI
996 ZWNHHJUFENAMOTTY
997 OELULMNGTTVUWPGV
998 VFMUBTXUQZXUTZED
999 GHXYJXWZOTWQYXTR
