0 PZPEXHQAYIDXHBDA
1 JEKLAAZDJFFQMDUU
2 YTHNVZCMHIUDSPRI
3 OJUNCDCNGBOIZXWG
4 EYCPRSCHJPBKDZFO
5 QKGKJTVFASOJNFQR
6 MDVEWPLEHUKMXVJU
7 OMHUCULTSEMKOQDD
8 ENBAWYTUYVZRJQPW
9 NMJYLWRHLIQJPEPE
10 UWMFCHNKBNZRXCLP
11 GRGJAFBEMLQBKOZN
12 TTSFYZMFAZMFRFZH
13 GFGEZWLMXWTJTXPD
14 ALFUJEJMZIRAIXPX
15 AQDJCZKCSVBZUBLS
16 PQKSPLOVBUDUTSMX
17 MWQMZWYJZIJIHBPY
18 YOTKBRUOJGGHVTHY
19 QYGJHTEAWAZCGGDR
20 MJKUJPJJYOCZOPBH
21 CJDVTBPBVUZGPMGJ
22 CUDQHXEBJIMAUOST
23 FLVCRNYOOXBFKOLQ
24 QAKYOJBODCOGWIFY
25 QOGTFUHOLFYKHCMX
26 UAVRRVQBHRFBNBHK
27 KARMOQDOPHEPPQVL
28 SRFDAYVCEROARSYT
29 OCZJXQRUOECENSVF
30 USTFPFFGVUIAXVFM
31 PAYZEXPLSERIAWTO
32 KIWITAEDABLUKTQQ
33 JILZRFRFPIGZCXIA
34 JRGUMEGFFNFOQTDY
35 PMSABBQDBSKBFMSN
36 YATKNXKAMMAKDSSB
37 RKCOBXAOISTORPUS
38 PQQQXJIAMOKSFRPD
39 BJQSGWGPZJGGBHMR
40 SKAZMVJLGWJCUWIF
41 FRJYJXZXQUWTRZBL
42 OAJDPAPUWMODGNOL
43 RYOQHXNWSECOBKUC
44 TZSVOOVLFESSWTOU
45 WOQAOEEQYDNDXMPE
46 MCCJIHMOFUNNWUBD
47 CDRQGVDTVTTMCBEE
48 IWIQTPHKXGQUSKHL
49 RSCGGCNTULFOHQTH
50 GZEATSKGQVSOHSME
51 TMOBYRZIHPQCBVPD
52 OPHNBIPGJUHBDSSL
53 LYGIPJPDNKAIJLZW
54 SVGSEBUGUSMFUFXA
55 QWPVVKLZJNEIVDZN
56 MKGJVWLKGPUQRVCT
57 IZLASAXDZCKXJJSF
58 MMWBVJFCVJVHGWKU
59 SEERXEXRCYRONWOL
60 DZMUXQHPUIZQEVUT
61 QHBZPJPMEGPDLVRP
62 AVPUMYDFBOJWASPU
63 NVIQGWLIICVIVCVO
64 GFDSTSXFALQYTSSC
65 LIVFNKSELDMJJHGT
66 YSSLAJCLSCYPVFMG
67 BLKJWUZFFHGTZPWB
68 ATOVWTFVYBOILIZV
69 ITBEYPZJPSBGBARX
70 AVMCHLJZCUKJKTLD
71 HBOTEAMEUACCOKYL
72 OKVXEZYODJFPXHBR
73 QXPXLXSEOIMTYRXJ
74 XKAKBZDURQXZZMWG
75 YUTATMUIVTCJPFDZ
76 QXHBXZWSDPIZMPCZ
77 YTAXXVCOJHAAGHJV
78 VMMLEIQGLSSDVWHS
79 ZFEGJFKITWRCLAEU
80 DCHKNMTYXBICMSFP
81 HLLCZWWJJOURBRTE
82 FZZTJNGUPHDINLQI
83 ZGJWQBXYMSEQROUU
84 BLVHWNQIAJJZTUER
85 UGQVDRRSIVDNFYKN
86 VKKIIJUBSCTBPSZL
87 ZLJPXOHKOOHMGXPR
88 HPCTFFGNCSIVFPGA
89 AHLZFGLYOSIWEEQN
90 RSGUEEOEMPESGPDJ
91 ATUBXJEPGRZJEPPP
92 JVDJWRSKFHGANZDK
93 AGKZZSLTOWHDBSZS
94 RECAHKQSFRRNOSLQ
95 RIRSNDWDCZSFEEMW
96 GJJJCJOVJLOWSIDQ
97 FFTHDRSYZQGTIJIT
98 BZVNLIOHNCOOQEPS
99 PYKBPNQEVZHLMNRR
100 HVNHYSXISSUONNUS
101 CSYGJGFFLIOLNWBI
102 MJGFVLSTSGDISCQU
103 IOLSLDTQQBUECHXU
104 KJAKSYAUDHVSSEBI
105 YARKYTAQKUUDNTXT
106 SZLHMBIEKKYLTMKK
107 UJXADPFCRFIVSUKT
108 KFKOLDDOZNSVINNF
109 MNSKBYLDMZDMWOKZ
110 DQSYVZJKHJQEYGIA
111 KWXLBTTFGGNYESON
112 MCVPSXKPCIYMIBUH
113 JCRJMEYVDNAGAFKM
114 HAOYIHDLQFMLITVQ
115 DYFPIJCUHOWNXYKH
116 IDBFCGDJGXFWFURW
117 POVMZZQOVEPSFTVQ
118 GVUJPGQCOYXPNAJL
119 IJIAGRTSWAWGAAZN
120 PVUNXJGOLABZZWAH
121 ZUMPDQWOIGJLIAGW
122 DLMHTIBLCLHYMZCT
123 XZSMTUTGNCTQMLZZ
124 AKOQXOPBNHRHXAXZ
125 EQIXMJCTFHJGERLE
126 VVUMYNGMPZZLSTLC
127 FCKGCCUARBLQOBNY
128 CMVVDWSQLPUAZDST
129 DVUPCRBHKALCHPGP
130 GLEYENDKIJOYCUMY
131 QPSLWWBFNWIEWYQR
132 OSBTNKQRYPPGMATN
133 RUOCGHVVXVIBOXOA
134 ZGHBCXUWVRPGQYOF
135 VNHREIXBGUGKOROA
136 LHXMKJMCDHKEOAFM
137 MGGTSKASGQGPBOYR
138 MVEYUABEHCWWRLVK
139 PHZTYMZMMXOGXDGC
140 ZWBWADEIVMFSWQHZ
141 QINRVNRUMAKZRIDR
142 SWVIVUQSPWWLIVTH
143 GSSPULEBPLZOASDT
144 CMAMNBXLSEKNXART
145 ONSPKXJZPKSGFSXC
146 SJOBQUSDNKXBTJMK
147 EXPSFZTKBWYIFSZW
148 JFVPQWZKDOGWVMXJ
149 MKCRNMQLBMGTRZQU
150 RPZYQISCHPUEAIVT
151 MECPGPWAVYHTRQQX
152 XFDPJVETFUYRWWJT
153 BBIYTIENDARTIRYY
154 IKKXJSFEAKUXFPQB
155 CHSTFFFDEYGOSDUR
156 YEWHFSQCFIEWMHNA
157 ZIWZFJNEQQLFBRXK
158 VLHNXGYMTEONHDDS
159 SCUELVFZNTWXDCRP
160 MYYYCZCUZBPFTUPG
161 ELMBDLOVSSEIHPGS
162 OFMXHFKUERQRPRHX
163 IDHNIODJPBAENGVH
164 XLJBPQOAPOIELAIY
165 CUCINXCPJOFUTAFS
166 SSNGXKYUMCAVZJSD
167 TONGZPNXPFOXVJYJ
168 HKAQMHGLBNQVULNB
169 LGWXZFRQMULGNWFI
170 NMTIHANHENEKSLGG
171 NIYEBCZBBMVNAEKX
172 DIJCDNPGLYWZHSBL
173 ETXEYKSYDCGCRWIV
174 TWBUOHIPZDARNCES
175 IBQLNTCFIUJAWWPN
176 ORQAVMVQVVOFNBOL
177 OMFQKDBSHZAZXHTR
178 CGNVAHOQWRRSPFGY
179 IKNZUULKAGDTRWHI
180 XCVAWICASYNECQPE
181 SLLGVKTTIJDFTCAU
182 XLVBUTGTRDCRBLCM
183 XSHXJERPEZEPBBVP
184 CUCINXCPJOFUTAFS
185 EOYILYTWVMUEIARM
186 EILUHYRHDUYXSDSA
187 KHZYAAGQSAFBPGCV
188 JAWMFGIJROGEDZAC
189 YGTVHGGJYAENMMCR
190 EYSMKCJHXHMJJQNW
191 ODVSEZDRATZQKSEN
192 JASZFYWHQAJZPWER
193 YLJWGPDCKWTJGVOH
194 UPKKTUGZXZPIVKLH
195 KLOFKLPYGOYMWAPX
196 DOFNIOHHMNCPHSXD
197 SZTNOBMHXGEPWZOZ
198 DZNTKPSHUKBOAODN
199 YHXBHXEDUZYTPXLP
200 VXBMKNFETYUYURFM
201 NPVUSYPYKBRDGWTR
202 XJGAYFRAHKMHTKLB
203 OEODITHGZELZHIAE
204 ZRZFGAHJXYMBVTJK
205 YRWHKNCHEOWFBWNH
206 RTDUFPMSGMKYHVBC
207 YVMJIMNKGQKJUCHM
208 UELETJJLKTYUFTQO
209 KNKPIGZMEMXNPDVI
210 SWPVVLZHZEBLRFZD
211 YUDVRQFFYGNFNZFJ
212 FEILJNDOKOAKCCBD
213 HAEYJPUMEDAWNJXJ
214 MDVEWPLEHUKMXVJU
215 EHQECWPQPWZWWJQX
216 LGSKAQOMITLVVHUG
217 CPORICMYUIBADCAS
218 AXZYIPVOSKJGAPKV
219 PENRPEQAAOYCFMVL
220 ZSUDBCRSJYPKAIIC
221 ICREGZXTEKCGRIMX
222 YDNHBAKALARTIRFI
223 CYOJVTBWDVNNYGTM
224 UTPJHOENXTLNWEFQ
225 UADAEUYKHVGZLCRD
226 PUHDAVBKHBHVBTHK
227 KKZNFLEJXDNWXEPJ
228 KIOEABHFTYBNRBRE
229 OPHNBIPGJUHBDSSL
230 QBPBURBRSDEBISXP
231 ECRUANOMUYVHXQOR
232 PQBJLSCVPPGCNXEV
233 YUUTENRBDZGUFKHV
234 VIDRFYNFDFUYYSZC
235 PIUBSJBXLETOFHVV
236 XUOYODRAREMOCTQE
237 SOJBBWWIUCGXFIXU
238 BQFMCIYVHJINHSLV
239 UINAKDWTYBYUBGUJ
240 FJQGEMOMNQKHCUWP
241 OZBKFKUUDHRFARCI
242 FXNYPITUICTDIEFQ
243 XXJECMNKURYZSCEM
244 JHWAKCJUMODTMZIR
245 VVCGTJFNTNRQJULY
246 FKYXNVCJHPWVXZKW
247 LOQTLJBVDEHHACCP
248 OEDLYNMAECFIBGWX
249 ROKUMVZBBFLGNSWB
250 IXVMWHMQCEFTUZGO
251 JPGWATLIGAXOAKRD
252 QNMNPAIIKYGCUGIV
253 KIRUBQMDARBTFJKP
254 GKVTUWNSUZTLRPJS
255 GZQKOAZCHUOBHQJV
256 JZFYHATCEUXGHYID
257 BAOSSXNUGWGPZEDA
258 QRTCSWUVKPQZZQYE
259 BNTYJTPYZLLTFJMP
260 SCKDMANGINVFXZRD
261 NNFXRJKGSAGQQHMZ
262 BQYUPBMTAAIMYIVO
263 DLQMDDFAWDYFUGVO
264 ROUARJBSNGWNZUGB
265 GFBUWMRVUQPDCPUI
266 ZFYVCRAWQGREPCEQ
267 IJUKVXLJJZGQEYVU
268 RPTZODVIWHLZLVTO
269 PRZBHRYXQNITYMLH
270 EJAVIOXMGRYNXTNH
271 FFTHDRSYZQGTIJIT
272 JZJKSIUAZFCYVQWO
273 GGJUJCORMDKUQRSD
274 NWSLYNFWTVNFULSH
275 ZIRVFBQBJUXJLGHF
276 ALHJJNMIAJYDRFEV
277 LQIETNWVMMTUTMCE
278 UXEKXOANQELZZLOU
279 YULJWUBANGIUXWJY
280 IFEDAZUNKYPVEEAM
281 GLVQZVLQJVMNHWTG
282 UCEJOSTGVMKXAOQV
283 FCSOHTPWIDZVDHDO
284 WTOXHGMHPUXBQRMP
285 QQLGWVVFVKLTNBYM
286 VVSXUHQQFCRRXZOZ
287 NWCEEPLJAIFLKTDA
288 JXAPQDSFDPRPRUBI
289 LNCSQQRYQRURZLLV
290 YYUWEHPKEWLWGYLY
291 ANMBNKFLXRTLVDRK
292 HEKDPELTEMOWXPVT
293 OKCCCAGCBFBPTVUF
294 DNWPLORHESPCKJWR
295 HPWQNWEHFRHUTPFS
296 GTJNRJXTYMVDWNRT
297 YIJNNWLMGNRBYZEV
298 OVTBXHSMFMJFTWAJ
299 XIPYZGUROIGXGPQT
300 GWMYEMWGTBVOLKUJ
301 HMXLYLIVIZCSDXUR
302 QDETAUGKAGPUXQQM
303 BRTIWEWLBVUKWCPX
304 LBJHDRPTOVTEAKAX
305 VEANPLGRRYEVEFGE
306 LNTITPNOSVFMZDWB
307 NJSRRCGMMYBITDVZ
308 PCCPOPJOUILTQYEI
309 UHMZFIZJWXVVESCA
310 LQPLJJNVNHGPIMFM
311 OCPXDDHCYSLLZWCV
312 POONERELDFTUVOOM
313 INBMTLNJCUVBZYBE
314 FRGDIQNFPYIECQJC
315 RENPUISDQTQAXWZZ
316 ZZJESJIEZUPZEPJS
317 NJBPGEJEBFQMDSLJ
318 JODHOUDQQPLPUCHK
319 EHSXNSMVAVPYRMKU
320 GFEHSARREJIUYFDZ
321 RZXKKVZBJAEKNTXV
322 GIINSLYLHQZLAUGD
323 MWSDLBPZLMPYJZQC
324 AZXJDWIQBNXZANPF
325 OYMINFWCFSSFPNBK
326 YZWTELADCCBZJFNV
327 CAITATBNCRFFFDKP
328 ALHJJNMIAJYDRFEV
329 PWIJTLOTILBJUWZR
330 GONNNOHZRHGYFFZE
331 EITOHCHMHGQXWOFG
332 DHLXBRVVOIORBZMZ
333 CJBZDJEWJPTUHIOL
334 TWEVOGCIRLAEKFRV
335 YSEJFONRIJJQKKLP
336 YWPSRDRSFTAZZXQB
337 XHADWNUCHZCCJUMT
338 FAOJRFUJTBUYEVID
339 MQCPYXKCZYEXCQTM
340 PJCCMTSISEMOQNCR
341 EVBXOINDVEUHWRGW
342 NPZGPKYMXYAHNZZS
343 AHUTPRODSPWAEMLG
344 FCVOZAZCJFXNVBEQ
345 COTWSNNJOBRBLJDF
346 XQYBZTBGQXVUQMYV
347 ZBSKCKOEFLHXIOWT
348 UDCNSLAZXERBLOBY
349 JTTUNXMCNGUJIGSZ
350 LBHHAVRVAGVHUGQE
351 WPYIQWSVBOUUZKNQ
352 MRJNIOVFVPOVYDTL
353 BXWIIZWKHIAUMXWX
354 EHOCOKAKYISMSOHK
355 XFVWKABSOGZJOIPJ
356 ZXBVGCMKDCCSBTEC
357 PXKUOPCQYWPBNXKY
358 OFKUPUEOKHVFQFPC
359 BZKVUSOHVTMXODVJ
360 HYXJVEGMDSEIGVQF
361 AVJTFZXOLNROXXVQ
362 FHXTMYBFAFZHZIVD
363 FPIKSUGDXOJFWSOC
364 LWSOOVFRORPCGLMI
365 GUCXGLZFBUGGPUVA
366 UFJGOANJAIIUGLWD
367 VGBTGAGVPQGBBKBI
368 HLSWOSKMMTZMKAVV
369 UAVRRVQBHRFBNBHK
370 SVJWGEFUOLFJCFFI
371 MFKFQZQKOAXONEZL
372 CPBFRYBSLXUUIMLW
373 DZGTFWSHHGGKSYPC
374 WRDXHLIJRTFDAUYY
375 QPDHRTWUIIXJANPW
376 SXMMUGGXSKNAIJDE
377 ZJOLBSFDNLLLWGTT
378 BLCLIIQYURFLTJSW
379 PXUOTVPWXSXMQXBK
380 WGNMLUFQQBDHQGGK
381 AXUETEQSEFBADWZS
382 EYSMKCJHXHMJJQNW
383 VCCJALRZEHBOYAVH
384 MKCRNMQLBMGTRZQU
385 YKSKSOYGOZWLLBSR
386 EPFBYLDFUQPMVZQL
387 FIIEWJWZZKYFONSX
388 CNZMMJOFNGEXSYHH
389 UHENCLZPQRLUDCDF
390 WOMMPRKQPWXLKAGK
391 POPUPGTWZLKHNOCT
392 OKZPHBGXPUTXDYCA
393 MLONIKVHZXJDSUDL
394 QZTVWCOJUCKTVOHI
395 LWAJPWMGNBVJRFRZ
396 CUDHEIKYDXAQROVJ
397 LNMCTTBAFSSNEIBZ
398 QCHDJCXRLITTBMQP
399 QVQIRRENMFFYZZJG
400 CLBYEPPBKRXUUDDX
401 IWAVZJESPFHUMQJD
402 VJKTIFQUGWVOPUNG
403 HFJOEKODOQPUFUTA
404 VPNHBQEAHWCCKDOZ
405 CIDRWCISVIUIPERY
406 ZUYXFAHCWINUTKKW
407 JPDNJWAFPQSLKVPH
408 YGTVHGGJYAENMMCR
409 UFMXCOYSBUWJSLPD
410 IXVMTXGZATFSJWZE
411 ZTLAPQYQOVQHYBBY
412 HVMTRNETXUBCTQHS
413 ICCMCVOGDQEALHDY
414 TWNUXFBQIAYNJDVK
415 SNWDJQXOMDRTGTDW
416 YKLYWCHREBPHSJKR
417 OPXAGIVOLQZQWTQH
418 BKLWZKVKUQEDFSAU
419 JHQPUGDDXGFFXBXX
420 GJNXUJGVWZMZRCTA
421 GBDDCAHWNMWVOKZL
422 EWUJMXWWWTYBEVAP
423 WBREAUAGLZATKNVU
424 YHWEEBIUGQFECTZT
425 CWTBTFORISBVOHLK
426 CVOEKWWVSGVLVGDI
427 OZPJFDQNXNHHUSUV
428 DHHMITDMSJLVVWIZ
429 LCHNANONGPISTCNK
430 DVQIMTZCFQFQRVXY
431 QMFTOVDGQBABPAMD
432 WRFWSLPFNCAKLELV
433 URVYVRFPKTUYMSVH
434 TFIEKDOJVWSSXNGD
435 YULDOCMCHDTBSUJV
436 THGREZNAQAUMANRW
437 NMJYLWRHLIQJPEPE
438 WCTEKQKWHHAIFVZI
439 XZUHWAFSBVZXEUGA
440 ECPJDITHUJWPJJNT
441 XSHXJERPEZEPBBVP
442 YCPVRUMFMIOAPZZV
443 MBEVYGPEHJIASNQC
444 REKNYCEYDFHGUAAX
445 GUJQCUYTQWBNDBJY
446 THKEAAYHNOHYQVHX
447 DAXFXAWZJZDZRFQO
448 LRUDDYAFAQJBHVTA
449 WZSGMNOLVKRBQDAT
450 JGJONGZKXXNUFFTE
451 OHOUVGRGOEETUELS
452 YTGHVKONCJJWJAKO
453 KXOXFRXVNKHOOTYL
454 NKKVLDYYWAIPUIYT
455 YPEWLLQADRYSCNZQ
456 LHGWQQLOPBNMTVDS
457 KFLGVFMYUVPFLPUA
458 CLMNAPTQKCLNLQLG
459 CSBRKBSIBWLWVNQQ
460 BAWMZINXFZTUFZRN
461 IOAIJPNPBWKLYDQT
462 OEQNSJMQKTOZUBYH
463 DZPDDXGEAFVTFYTK
464 DOFNIOHHMNCPHSXD
465 JNEIARBTXJROPFCF
466 CSKURZMOXRTXYVIY
467 SSCLAAFHPZIIOOIX
468 YRTFIYKVYLIKMNWP
469 APSUGSGOIMBEHCWS
470 ONKEANIRRFFRKGPN
471 DWNXUNLMLENNIGOT
472 HWHKODJRGHUSBEZM
473 AAXUVIGGVLJVUROV
474 PVCYYYMCREIAYAOK
475 EYCPRSCHJPBKDZFO
476 AEIYJOJTZAHPVZPD
477 GBMGKNWTOJKMHBOF
478 GZFNSTGEMEQSSOWU
479 EMTABTZXUUBDIKAY
480 LNJRNOQLDFROAKUQ
481 KRUCMTHAOPEAVMBE
482 AKPYXLGYCNCQWFOW
483 RKSOFFSNGSFFQXGG
484 WDKKIWILIXYSRAAX
485 NPMTOCHKJTVTOQLX
486 OVKRCYSEWYPUMHDI
487 KJGQMDEAUVZGEJNE
488 AHUUZMDCZAPPORIR
489 CVLYJNUNJUKKHTMW
490 WEFEWHMDESUGTHRQ
491 ONAHZOPBPZQTGNUN
492 SNEZZAKHMTRUMEDQ
493 MJJRBQFAKQNKCUVZ
494 RAEPSFMNZSAQACRK
495 NKKVLDYYWAIPUIYT
496 KJJOIFWJHDWDAXQX
497 YVEDBXHDSCZYBMIL
498 EWQGHJHFLAPEIGFX
499 WKINHEYDUGGMGCEN
500 HVHNLZPVPLRZEJQR
501 UVFKIUNYZHIKYJCO
502 XHWLBKUUZZYOJUGA
503 QXKNAMTZXSBWZZAB
504 WQYQQBJLZOEZTMZC
505 ENLZTNQZOQENJRAW
506 KAHPRRUJRZYQMDTK
507 COPYDFRYYZJZEHME
508 MZONXXVWQECMKFBT
509 HGPLAGQLLKBJLLOP
510 RCYKYJETNRPZATBE
511 VFCUXZBDXMQRHZCY
512 OMGNNNDRQMZIMPCR
513 ZLCLFMAPNMIQPBAB
514 PTFVPUSFFXSEUDDX
515 QWVJMPTYTFXNHVFU
516 GZBBKTGWGEIYBZCC
517 GFFBAQRQZCGQTBQR
518 KZHGCXNKVTJUPWEZ
519 ERFXGLKFJZLIGXVC
520 EFFAWSIDFESDOPOO
521 WXFMERROYAHKHZGU
522 ADTXDKCQKWUFUYDS
523 MHZLIKKTOUJMMXBS
524 CCBMAXJEMGJXYHNA
525 LCBVDAWWKLMAMQEN
526 DDSSWEAXGREHYVSC
527 RXAQFIUKRSPFNZEJ
528 SNVGUWZYEVNCAYOV
529 QUYEZJNGLRNHDHFI
530 OPYSVWDLWTFLGYPO
531 DNENOASKLNWVFQSO
532 HERSRVSEEXMTMGTF
533 WKQLUCJPHAYZUUVO
534 CPAXKHLOXWZTPUFL
535 TNGPACWNIIFWOKZI
536 JZZINCGKUPNMRQLO
537 OMVEBTBMDCVZRQUN
538 CIDRWCISVIUIPERY
539 NUQGCQFUAZLJGDZV
540 PFNUPCSIQIRNSICI
541 JQQOEHWRESMHFWAH
542 QENCRHLVXYEXVRGZ
543 UYEIVCHSFRSJBNFF
544 PIUBSJBXLETOFHVV
545 EABNWKLDGVVIDVVF
546 TXHMMBBBERYYQGLH
547 IYGHSTVHVNBUKBXV
548 EUIQQUHPSSPVCQUD
549 QRNPELOAIKZQSQHV
550 JYIIHPWOYHFWSHAY
551 QDXMCCWVNSKELZBI
552 GAJDIIWHCSANLBMF
553 WDZOLYYQHFGXETAK
554 SLAJOGNRCXYEOCPZ
555 ZQGMQJTICAGNAPZE
556 TWQQZJWWNDLPTUEI
557 SMDDYCWEOPBTMDBJ
558 BVTVAJFYYTRNCOOQ
559 RNSHYYAJTLFZGRRN
560 QAGARUSWQAZCPKBA
561 EPFRPDFLESJWUJSL
562 KWHZMUKBJXOAYKPC
563 OAZZJNQDRLXTWWLA
564 BNFKBBKDFCMXZJNA
565 TNFLKLZVNALLUUCR
566 TTXEVLBLZPOBJPRF
567 SVPFQSLVUVZERBGC
568 OOJKHVRIOOETIQYS
569 EREFFOXFWVSDFOEJ
570 WNACKQDPBBKENINH
571 TZWTJSFIHQEPDUJC
572 OUGPFEDMZAZTTOCE
573 SVOFPYUBAFLASTHV
574 WLJDPDZYGTQZLOGU
575 KCFOMSEFCFRBFPFZ
576 PJZJMJWPLKUODANR
577 FRJYJXZXQUWTRZBL
578 XKBEWQFKWIXTHAPS
579 CUGFADEOMPISUUML
580 LVEMHOUCUTJCPANV
581 XQEPVEZWRXUCUMUD
582 ZGHWGVNFYWZVHTIP
583 YMABHPYHVCTOQPLT
584 FCSOHTPWIDZVDHDO
585 EYHWJRDTASUQRXIK
586 LOAQSQUQPKLJRGJI
587 VGMLWNVBYBVCBBON
588 ESYZCBNVTOGTQCXQ
589 IKNZUULKAGDTRWHI
590 XBHDCVDHLSHMZIVP
591 OHAFENELCSVECLWB
592 BLRJFUJOPDBNUJYT
593 BQBDEGUTRCDUMYRT
594 BPGKDOZMWFTKOXTP
595 JQMFRIMNXCYBVYWS
596 NXVJOWBGJDJTPBEB
597 DPQAILBGPRGDXNYZ
598 DARXIZKJYWKMEJXD
599 UWMFCHNKBNZRXCLP
600 PDMWGTUNHABIORLS
601 QEBFJOENPOPNPXFL
602 GLWJAWABKBTMAHAZ
603 AROOQJCTAMDHMYRY
604 PKMFXJYPLUBHEICA
605 DXTZILJYSHUIBCVZ
606 WMPILPNONSNXBXPK
607 SASZJBGMLYLSDPLQ
608 LOAQSQUQPKLJRGJI
609 BRPSCXINZDZBKHVN
610 JREOYHJDPEHZKCCL
611 OLKSLFBEMSWVQJJM
612 XRNCGPWJOGHXPRZU
613 TFIKAVQMPVWOMDQK
614 VPNHBQEAHWCCKDOZ
615 IQHVHIBKLREWQBSW
616 ZFXGYMLUKCUBLVRF
617 ZYBUGOTRERHADNCE
618 WNNXYAXGBAVAGITT
619 VBHJMRZUWIYAANMY
620 RCYTKAHUQXDSBZYE
621 ITHEIYUWJMRJTAFX
622 KFOFCGBQLWUPJCIH
623 SRLHUMIWYHSYLOAB
624 EDGGTKDSIUHKHQBQ
625 JWEGHCXGACBMBDGJ
626 YMKBIVDBKILQLQBT
627 LDPHRYQCKYBSNSCO
628 CQIZXHPMYHMVJZRC
629 ETGKUIWXJLJUECOH
630 EQIYDZNATXUWMGZI
631 ERHCDVOGTVZYRDXA
632 ETLKOFGAFXYGOZJF
633 EVFMGBOMJXMWVOXM
634 HNHCLDYASTGWXTJY
635 SUHYIEDKLEOVFVBG
636 OCVSWMEGONHCXKLT
637 SSNGXKYUMCAVZJSD
638 KDAPWUWBUKOJIQPH
639 DNUVACIKCCNYVJUF
640 DLLSNBHWIGAHPBLD
641 RZNLPOWHUTSFZCKJ
642 GURGAAVKYMXGGJWA
643 DYSKBUCHELFPNSHY
644 CCDRUGOTNARVZKUC
645 JYEBQLNIHUSFJPJG
646 ZMJUVRKMBYRJLJDN
647 INQRILGKJZOZSLXA
648 DFVYSNJWPRWEINVE
649 VFIUPTFWLXRHHSRY
650 WTXRJPWJJDJVKNNA
651 LAQDCXJWEDYYJQMZ
652 DFTBMZNQZLVWAEPE
653 TZWTJSFIHQEPDUJC
654 CCVBKRWCYDOBSVYH
655 OVGFAYOZDSNKXZZY
656 FPPDRPJQDYMZPQXZ
657 YTGHVKONCJJWJAKO
658 WDKKIWILIXYSRAAX
659 HQQMJJCXMRJVXGJS
660 MHDQBIBTRUOTFOJE
661 UZZOYRBVFLODLWTV
662 RDHWATXZVEIVTGIL
663 CXTMBRUBJVMJFNSF
664 IMCRXTSJOXTUXCIL
665 YYHULRKFEMSJUPGG
666 KGMVPTRUIGBRBABU
667 PXHQFPMQKAMRXESA
668 LCJNMDUKDZBPQKAE
669 VTKUCFXODTZAAVIK
670 HOIMXIUWMDKJDHBE
671 SPJZJIKIIEFDOPSA
672 WQGNERAEOVIENYVV
673 VDCORSJYOJBIXWLJ
674 KVIBRCQLOJTMVJGR
675 YKEXBRLMLNBPSYUP
676 PHZTYMZMMXOGXDGC
677 PEQYTCKBPVVTKZBV
678 NTGFRJKERAOCJQMD
679 NKLDBBKAOSFCPUTG
680 AWJHCKNSVCHVNSSK
681 PFNUPCSIQIRNSICI
682 XJHOHLSUMGOTQMBX
683 OFJEDMGHFKDBSLEK
684 JEGKBLNXYIIKRRBP
685 PZOPSKQOSDDJNTZQ
686 MCDSMUHCUZZLSKPD
687 FZBRFLUZBXFVGFWB
688 IBEXTOSXKFEATKKL
689 YSVMXRXKCNTCIXXB
690 BKLWZKVKUQEDFSAU
691 DHPRELWRDUSQSELH
692 MBEVYGPEHJIASNQC
693 HFHXKNPWRBQQDFKL
694 QPBMMVRDJAUHBPYJ
695 RTJPDHBCDNWLCJIZ
696 NYRIFMGSCPVQXOSS
697 MEHIGCDKCDAABCPW
698 HMJKABBTSVDKITWP
699 CJXVOMLUAHXZQZGA
700 KTALBURPZBQKKDTZ
701 DTVQBPAESRNCBADU
702 EUVOSCYSRWPBDBNB
703 DCOMAAGNYTMINPUD
704 MCMWWLWOQNREVVDV
705 JPLNBMBHHLIZEEKQ
706 STAQNAKUMLZSQAXR
707 OVZBDRQZLIKQIQWM
708 RONNPFGSPVGOXUFC
709 EYROHBRZFJQNSHHU
710 YPEWLLQADRYSCNZQ
711 VDXATUYWTHROCKCW
712 DQWFMIRXJULXWGVC
713 RZWKDIZZWJBLDUPR
714 QPDHRTWUIIXJANPW
715 LHNSZXNCBCCCBYUU
716 RVTRJWAQTLDYAOFG
717 OMGOLBSLMKUHBBSS
718 SPHGFVOGYQQVGTDJ
719 CLAPRNCRKAJRTWQN
720 RMURZAFKYCLMZOIT
721 KIEOHMOLIPXFAUJW
722 CBQZRLZZGOPQDDAP
723 LLEUKKLBQWPLENLK
724 FFLAJOXVWAMMBJZC
725 ZOHUIPOXLYOQRVFQ
726 RRYSFZOOYNQOFVGZ
727 KLFPCXZMPXXQCZVN
728 PXFADERUNHBPHQBE
729 YPBUIBFZODZHGYSL
730 MWCLISIMLUGJKTNP
731 EPWNRTIBWNXPMNJA
732 PDPRAKIWPNAKDJJA
733 FIHEVEJKXQADYTYA
734 YTZAQTPIPVNQLEJX
735 TWXHBAYUHGDBRANH
736 KCYRMOAPHCAUKYFF
737 OROCAEIUUVYFTUOZ
738 XDDKREIIOGAEYZCM
739 QZIMTHIBAGYFGKXV
740 ZSTTXKYPNMMBDNPE
741 IIFZPXBNSKYVFUCD
742 UHPKAHOSPSZNQHNB
743 SXQTXFTYPEXCTLMC
744 OBSITSWIYTFMEKMA
745 DZNEPQZGRCTGGJHD
746 MMTJWQOQWMVRVYKB
747 MVEYUABEHCWWRLVK
748 ICREGZXTEKCGRIMX
749 TTAKBOSBLWEHQURZ
750 YFMNRFYZLUBIEFYP
751 ZRQFQCWGFLAZLYQO
752 WQOHMVGSNXZZRJBS
753 RREWWEMVCETYTWDH
754 VDXATUYWTHROCKCW
755 PXUOTVPWXSXMQXBK
756 OWKLVCLPHHBDRRKY
757 TIHSKPWCYOKBFUEI
758 ONTCDUHWOUAELZCH
759 LKSAGVQAQBAWFDLU
760 WFEUDBTKREXWXFQW
761 RJKHCEWGRNEOIJQM
762 KWMGTUBPIHQBRBCG
763 ZDXXRWXLBHNRVTRJ
764 BHTLCXWBKTWMHONH
765 FSWWLTGDPOUFCGVU
766 WWPNMORMLVFPNQQO
767 TJRFGTWIYBHLKYAM
768 WSFUJWRWFOIKXRQJ
769 UNIOXTHNYMCTOAIL
770 CMCJFVSNFYFGYSFY
771 HNIXMKKBECHOCYOV
772 FLSJXWAHCROSQBUG
773 SHSBPIFUHHHJXQAN
774 ZXDYBFOGWPSDBESV
775 OZGJXQQMBIPGOXWG
776 TROVKPKZSXVRYFEB
777 NHTAVMHHWGYNVBQT
778 TTHKNKOFAUWAXPIE
779 GEHEVSIBCCZGIUWP
780 QALWPXBNDAIJCFMJ
781 AGOOJQOJHOTAUHTA
782 ONSPKXJZPKSGFSXC
783 YCXGGLZJQTVHRRWG
784 HLKNCZVEBLXVDDVI
785 AKOQXOPBNHRHXAXZ
786 NQUUWNOLWYAXWEMS
787 XYFGJEFJVWOCWNSJ
788 VLHNXGYMTEONHDDS
789 DXXINBZGBBZZIXAM
790 NJSVQOPGAIXYAFTX
791 YDJGUYSCULOESBLT
792 CCAVXPVJGYUGUYJO
793 QBYFGHQSSQGUWTNS
794 XXXVNHTMWAWPGAIJ
795 PTHSVZIPAWKZMIQO
796 AQUNRIIFHRSOSRLE
797 GZBBKTGWGEIYBZCC
798 EASQVHDOIRHVDLIX
799 MVDXSCNRFOMEZWMF
800 SSDSUWXNPEODQUIK
801 BENSGVXOSKUQOSEZ
802 XYJLJHABNIDTQALF
803 GETSVYROLANFPWOV
804 LFSTOILUTUWGNRCE
805 KRTOQBXGEKOYUQMB
806 SWTVJZGETLLZDRTP
807 AGNHLLZAVSOGLEEK
808 CBCXSXBSIBTTMOPK
809 LRWADZHRAWAVOTCU
810 PBZECSAHLZIFCTPY
811 TUMWFOFREFBRUBQU
812 LADDPGWKBPDAAXAV
813 OQSCOIAVDSEDOPEL
814 FAXGFWGDTHRTGQVD
815 FFAMXZMTOSTLRHCE
816 OYDHYVNIWZDTNEPC
817 LRWADZHRAWAVOTCU
818 PNPSEQJQNTRQCHKT
819 BCYFIWYAFRJXMLZQ
820 OVCIPNGDVNYYUTHN
821 TCXVCSAQFURMXXND
822 QNKVGITZKQJXOYXK
823 GOSXNDGDQUKZDIFO
824 BLBYKCYBFUBQNRZN
825 HHNMCXXIPMRJWEKC
826 BWZKBQVMNPRJOCDS
827 IRGEZDESXLTRUDCF
828 PIBVORXFMOYKDVGI
829 MYLIRHVTTMJDWRYG
830 XMUUUBUSIWWDQMFZ
831 NLFPDDMJILRQPJCY
832 HHNMCXXIPMRJWEKC
833 OYJPXRDRBHHDDEFR
834 XBEDCQEJBRXUDHVJ
835 LMEDKVPKMWRAIHNJ
836 LGRTIZDATHCSGRUK
837 BLCMYHFCYLAJIBAA
838 XBNUSWUPBXGRGKWW
839 IOBWUFSHYJSCEVKB
840 UELETJJLKTYUFTQO
841 CBDKGZYNTOHSSFUZ
842 PUCZSIYQDNKDQZWI
843 SROQGLEHOPWTFACI
844 MPECNZETVVDESRNV
845 JCGLFREHAORIZSEV
846 MYZDKADJFFHTCOZB
847 VJKTIFQUGWVOPUNG
848 CLKHFZWTMMQFUHTV
849 CTOXHZKOPIRUBXOD
850 ALNPHXDYNOMZBCSQ
851 TURZYJRMQSGJZCIP
852 HVAHVOFIWLIGYIXE
853 JIJZFJGRSPNJNHIX
854 QNKVGITZKQJXOYXK
855 QHVJDPKNBQGFKIHP
856 BODYMARFHVZINIRP
857 UQQKZPCLEENMAJKM
858 YEFSLGSDEVIGRACR
859 BSXYQPBQQVSBKPIT
860 FGYDOTOEBIFYDDZW
861 GLEYENDKIJOYCUMY
862 PQKNNUEWWEFQGHMF
863 MMVTTAXDCTQUFAQN
864 VBXRSBHKXDAKEWHE
865 YRABJDQETSTMIVZO
866 RMKYKSIVNTLMYZRI
867 LKTREYTPQCHUGMVY
868 AHWPPKMJMYWACVSZ
869 ITUZNILYWETNNMQV
870 IYXTAVGPLHDSQYZO
871 IDXXNFRXENRCFSZG
872 CTVKPUHDIUHOEVGH
873 EJIFFGQLIYKXJHXZ
874 OYZCSMYVAWAXMCDC
875 UINGMLULQDCAUXNU
876 BPGKDOZMWFTKOXTP
877 EZVVKBTHXBPOCHSL
878 TEJIWBTROCGSPVGQ
879 CBMTHXBVUUAIAEHK
880 YYSVIDVXLDQFNDUB
881 NDQPNHFFWWJASOBT
882 PXNNBUNMSXTNZLEI
883 ROSQYJCCJLNOFION
884 NVUJPOTPSPXPBSUD
885 NNAZVUGURNOAHIRZ
886 YYONODBKGJRMQKKV
887 TVPFNYZJBTRSOQMF
888 ALDGESRENQRBUUXB
889 VDSOBYEJQJLTNCWX
890 FXRIJJEFOSWJTETD
891 FVLFIJCFIJXSTDKW
892 QVSPCZBRKERCCMMV
893 EIJCSXCVKQCJPNMO
894 UGEJLPLFEXQOBNDU
895 UJZILLQQJYTGJVRC
896 PFEDVUNZPTHFLVQY
897 WMMEQVDVCVPHQHVO
898 YVKVNTQIMHLADAES
899 QFIKQKMBQECFOVME
900 KFIXOLBPORRCYLQH
901 CNOXGYEEELMDHSHV
902 KWWMXNAQKGIWTUUY
903 WTBAIBTYTFYEREUU
904 PHWTIUIUYSZQRGVA
905 JREMOZZSKZGIYDFA
906 RPEPKKVZEZHFHVRM
907 MCXOYVJKPGUUYDRT
908 CVYJCTPKUTUZAQJL
909 VPBCEXLKEWWFZRYT
910 JHECJDWNBMMXOQYD
911 DWXRUNBSKIKHCZBU
912 VOBJQQCIBQQDULJU
913 MQORHEYONLYOUJQP
914 TORPUNYTNSABYCMQ
915 OMLREPMNQYIEGBIL
916 QTYWGHXXVWGZCSEU
917 AVTNBPGDNZJMNGEX
918 NOGWNUOGJIZVDNQV
919 VRBDYZEWLJVMYWLN
920 ABYJBGPVHWSUYKBM
921 AHXMZJNPKGQVWAUR
922 EUBSTVFXURKIQPTT
923 UBFFFXUCFIUQDQFH
924 UFSNHYTVVPGSNSZK
925 YVGPTHZGIICPUVOC
926 ZDMZRMAEHUVQHBDP
927 WGMFOPAVWKOHIXSH
928 BZCULJXVOBNNPOFH
929 FIBRJDKVXJGIGFJN
930 EKDVRJJAJVFBRJYO
931 RFTFPOXLWVNYLDPZ
932 XXXUIBTXDITYISIX
933 VJKTIFQUGWVOPUNG
934 RNJBTCBXORTDKNEN
935 AOUTDMPNGIRTUDNA
936 CBCPKJSXBMVMPGKV
937 PEZWIGUNPXGQNMOV
938 QVUIKPIFDKQLWQDH
939 KHBOZNIAWKONECQP
940 VCCJALRZEHBOYAVH
941 IRQHZVZFIVUSYNPA
942 NSEVIZXSRVLEGPGB
943 UTLCPPNVGLIPJMPS
944 VMOVSZDWGEFMXGXT
945 LIXHAUUNKMRVLFIJ
946 ETYBZDNFBILNKFME
947 CJFTUUTPZODQXLUF
948 OIEVVEJNFEQIOVUQ
949 YTHEQWXBSCLKOTHZ
950 ONKEANIRRFFRKGPN
951 YHGXHMQFAQJEAAFU
952 QRCNGOTADASVWIWN
953 MLKBJOEGXVBFDIOG
954 SOEUSTTZXKXOHSDO
955 DAWNIBOZLEXRYSKM
956 GEKSWBGCKCSHFJTV
957 ONFTOKKWIZZXMUJF
958 YHXBHXEDUZYTPXLP
959 CZTSGVJTLUWQDVKW
960 CVTZHLSCZJFSAWQM
961 CZAILTUZMSRYCBMC
962 NPKYGNBANOSCINGJ
963 UDQOJJMYXETWLMQX
964 JXWKHTIINYTAKLCV
965 SWVIVUQSPWWLIVTH
966 AXSBUZBBZLJXFDYX
967 BYFKRIHYPFBNTNNI
968 RPOVKLAOUWQFUYQS
969 FNMUFHVGHNWYATVY
970 WAZBAGTWBQRCVVZJ
971 WGNFVWZRNTYEOTXV
972 BUNQVBRWXIEFHOKO
973 TVRJZABPPJZCBOOF
974 UMHXOPXAABRWCBJK
975 IMYKNAJAWUUTCWNF
976 UBXBVFAQMTQWCFOC
977 KXZKZKCGWLPMRNJU
978 NEOVOVGTNKELGGYP
979 RKFDPFFRETIYJGMX
980 UDYKMABKNVQPTMYW
981 KDAPWUWBUKOJIQPH
982 CDKPOFIAQXKNDZMK
983 RLKXUXXFTWHYWJOM
984 PMNRJDDXMWFVFOCF
985 VJUZNGOQKQYVWWKP
986 FUVIHYNEGZHCUNKC
987 XQBSWBBTQHSDEYXZ
988 VHSGKPZEDZEYTPEL
989 EJVGPKOGCLKNECRO
990 ERHCDVOGTVZYRDXA
991 JAFSXYJNIZGXAAWP
992 QAIIZJKKPINJQMAK
993 ZLHBMZADLHCEWCBM
994 PVCYYYMCREIAYAOK
995 XEATHSNUQSESECSU
996 VFCSGAQVDIOUBWLY
997 ZLLYTTJOQWLJSBHU
998 FOANTDLTIRJQSXDP
999 MZBSOJTFELQMHCJD
